Invalid number of arguments
Usage for encryption: crypt.exe crypt <input file> <output file> <key 0..255>
Usage for decryption: crypt.exe decrypt <input file> <output file> <key 0..255>