Invalid number of arguments.
Usage: rotatebyte.exe <byte 0..255> <number of bits 1..7> <L / R>
