Got 'Q' instead of L / R.
Check argument 3.
Usage: rotatebyte.exe <byte 0..255> <number of bits 1..7> <L / R>
