Invalid number of arguments
Usage: fill.exe <input file> <output file>