Failed to open Tests\not-exist.in
Something's gone wrong while reading picture
Can't do filling