Something's gone wrong while writing picture
Can't do filling