Failed to open Not-exist\fill1.out
Something's gone wrong while writing picture
Can't do filling