Something's gone wrong while reading picture
Can't do filling