Failed to calc source value.
Check your arguments.
