Invalid number of arguments.
Usage: radix.exe <source notation> <destination notation> <value>
