Failed to convert '214748364899999999999' to number.
