Invalid number of arguments.
Usage: calcbits.exe <byte 0..255>
