Failed, the number '256' is out of bounds 0..255.
