Failed to open non_exist.in
Something's gone wrong while reading matrix.
