Invalid number of arguments.
Usage: invert.exe <matrix file>
