          0.366         -0.266          0.541
          0.114         -0.083         -0.144
         -0.069          0.141         -0.131
